cargo : warning: unused import: `hamming_distance`
At line:1 char:1
+ cargo build --target wasm32-unknown-unknown 2>C:\Users\abhis\entroly\ ...
+ ~~~~~~~~~~~~~~~~~~~~~~~~~~~~~~~~~~~~~~~~~~~~~~~~~~~~~~~~~~~~~~~~~~~~~
    + CategoryInfo          : NotSpecified: (warning: unused...mming_distance`:String) [],  
   RemoteException
    + FullyQualifiedErrorId : NativeCommandError
 
  --> src\lib.rs:47:22
   |
47 | use dedup::{simhash, hamming_distance, DedupIndex};
   |                      ^^^^^^^^^^^^^^^^
   |
   = note: `#[warn(unused_imports)]` (part of `#[warn(unused)]`) on by default

warning: unused imports: `Criticality`, `file_criticality`, and `has_safety_signal`
  --> src\lib.rs:49:18
   |
49 | use guardrails::{file_criticality, has_safety_signal, TaskType, FeedbackTracker, 
Criticality};
   |                  ^^^^^^^^^^^^^^^^  ^^^^^^^^^^^^^^^^^                             
^^^^^^^^^^^

warning: function `compute_lambda_star` is never used
   --> src\knapsack.rs:242:8
    |
242 | pub fn compute_lambda_star(
    |        ^^^^^^^^^^^^^^^^^^^
    |
    = note: `#[warn(dead_code)]` (part of `#[warn(unused)]`) on by default

warning: variants `Full`, `Skeleton`, and `Reference` are never constructed
  --> src\knapsack_sds.rs:40:5
   |
38 | pub enum Resolution {
   |          ---------- variants in this enum
39 |     /// Full content ΓÇö maximum information, maximum tokens
40 |     Full,
   |     ^^^^
41 |     /// Skeleton ΓÇö signatures + structure, ~20% tokens
42 |     Skeleton,
   |     ^^^^^^^^
43 |     /// Reference ΓÇö file path + function name only, ~2% tokens
44 |     Reference,
   |     ^^^^^^^^^
   |
   = note: `Resolution` has derived impls for the traits `Clone` and `Debug`, but these are 
intentionally ignored during dead code analysis

warning: struct `InfoFactors` is never constructed
  --> src\knapsack_sds.rs:50:12
   |
50 | pub struct InfoFactors {
   |            ^^^^^^^^^^^

warning: methods `info_factor` and `as_str` are never used
  --> src\knapsack_sds.rs:63:8
   |
61 | impl Resolution {
   | --------------- methods in this implementation
62 |     /// Information retention factor for this resolution level.
63 |     fn info_factor(&self, factors: &InfoFactors) -> f64 {
   |        ^^^^^^^^^^^
...
71 |     pub fn as_str(&self) -> &'static str {
   |            ^^^^^^

warning: struct `Candidate` is never constructed
  --> src\knapsack_sds.rs:82:8
   |
82 | struct Candidate {
   |        ^^^^^^^^^

warning: function `diversity_factor` is never used
   --> src\knapsack_sds.rs:113:4
    |
113 | fn diversity_factor(candidate_hash: u64, selected_hashes: &[u64]) -> f64 {
    |    ^^^^^^^^^^^^^^^^

warning: function `compute_pairwise_diversity` is never used
   --> src\knapsack_sds.rs:135:4
    |
135 | fn compute_pairwise_diversity(hashes: &[u64]) -> f64 {
    |    ^^^^^^^^^^^^^^^^^^^^^^^^^^

warning: function `ios_select` is never used
   --> src\knapsack_sds.rs:173:8
    |
173 | pub fn ios_select(
    |        ^^^^^^^^^^

warning: methods `hamming_threshold` and `size` are never used
   --> src\dedup.rs:137:12
    |
123 | impl DedupIndex {
    | --------------- methods in this implementation
...
137 |     pub fn hamming_threshold(&self) -> u32 {
    |            ^^^^^^^^^^^^^^^^^
...
211 |     pub fn size(&self) -> usize {
    |            ^^^^

warning: methods `reverse_deps`, `compute_dep_boosts`, `symbol_definitions`, `has_symbol`, 
`edge_count`, and `node_count` are never used
   --> src\depgraph.rs:637:12
    |
 73 | impl DepGraph {
    | ------------- methods in this implementation
...
637 |     pub fn reverse_deps(&self, fragment_id: &str) -> Vec<String> {
    |            ^^^^^^^^^^^^
...
655 |     pub fn compute_dep_boosts(
    |            ^^^^^^^^^^^^^^^^^^
...
735 |     pub fn symbol_definitions(&self) -> &HashMap<String, String> {
    |            ^^^^^^^^^^^^^^^^^^
...
740 |     pub fn has_symbol(&self, symbol: &str) -> bool {
    |            ^^^^^^^^^^
...
744 |     pub fn edge_count(&self) -> usize {
    |            ^^^^^^^^^^
...
748 |     pub fn node_count(&self) -> usize {
    |            ^^^^^^^^^^

warning: variants `Normal`, `Important`, `Critical`, and `Safety` are never constructed
  --> src\guardrails.rs:26:5
   |
24 | pub enum Criticality {
   |          ----------- variants in this enum
25 |     /// Normal fragment ΓÇö subject to all optimization
26 |     Normal,
   |     ^^^^^^
27 |     /// Important ΓÇö boosted score, but can be dropped under pressure
28 |     Important,
   |     ^^^^^^^^^
29 |     /// Critical ΓÇö always included (equivalent to pinned)
30 |     Critical,
   |     ^^^^^^^^
31 |     /// Safety ΓÇö NEVER dropped under any circumstances
32 |     Safety,
   |     ^^^^^^
   |
   = note: `Criticality` has derived impls for the traits `Clone` and `Debug`, but these 
are intentionally ignored during dead code analysis

warning: function `file_criticality` is never used
  --> src\guardrails.rs:36:8
   |
36 | pub fn file_criticality(path: &str) -> Criticality {
   |        ^^^^^^^^^^^^^^^^

warning: function `has_safety_signal` is never used
   --> src\guardrails.rs:142:8
    |
142 | pub fn has_safety_signal(content: &str) -> bool {
    |        ^^^^^^^^^^^^^^^^^

warning: function `compute_ordering_priority` is never used
   --> src\guardrails.rs:292:8
    |
292 | pub fn compute_ordering_priority(
    |        ^^^^^^^^^^^^^^^^^^^^^^^^^

warning: methods `variance`, `visit_count`, `welford_mean`, `adaptive_exploration_rate`, 
`ucb_score`, and `total_observations` are never used
   --> src\guardrails.rs:389:12
    |
344 | impl FeedbackTracker {
    | -------------------- methods in this implementation
...
389 |     pub fn variance(&self, fragment_id: &str) -> f64 {
    |            ^^^^^^^^
...
397 |     pub fn visit_count(&self, fragment_id: &str) -> u32 {
    |            ^^^^^^^^^^^
...
402 |     pub fn welford_mean(&self, fragment_id: &str) -> f64 {
    |            ^^^^^^^^^^^^
...
407 |     pub fn adaptive_exploration_rate(&self, alpha_0: f64) -> f64 {
    |            ^^^^^^^^^^^^^^^^^^^^^^^^^
...
416 |     pub fn ucb_score(&self, fragment_id: &str, alpha_0: f64) -> f64 {
    |            ^^^^^^^^^
...
425 |     pub fn total_observations(&self) -> u64 {
    |            ^^^^^^^^^^^^^^^^^^

warning: method `update_ema` is never used
  --> src\prism.rs:60:12
   |
38 | impl<const N: usize> SymMatrixN<N> {
   | ---------------------------------- method in this implementation
...
60 |     pub fn update_ema(&mut self, g: &[f64], beta: f64) {
   |            ^^^^^^^^^^

warning: type alias `SymMatrix4` is never used
   --> src\prism.rs:145:10
    |
145 | pub type SymMatrix4 = SymMatrixN<4>;
    |          ^^^^^^^^^^

warning: associated items `from_array` and `to_array` are never used
   --> src\prism.rs:157:12
    |
155 | impl SymMatrix4 {
    | --------------- associated items in this implementation
156 |     /// Construct from a fixed 4x4 array (backward compat with old checkpoint format).
157 |     pub fn from_array(data: [[f64; 4]; 4]) -> Self {
    |            ^^^^^^^^^^
...
168 |     pub fn to_array(&self) -> [[f64; 4]; 4] {
    |            ^^^^^^^^

warning: associated items `new`, `compute_update`, and `condition_number` are never used
   --> src\prism.rs:211:12
    |
210 | impl<const N: usize> PrismOptimizerN<N> {
    | --------------------------------------- associated items in this implementation
211 |     pub fn new(learning_rate: f64) -> Self {
    |            ^^^
...
234 |     pub fn compute_update(&mut self, g: &[f64]) -> Vec<f64> {
    |            ^^^^^^^^^^^^^^
...
281 |     pub fn condition_number(&self) -> f64 {
    |            ^^^^^^^^^^^^^^^^

warning: type alias `PrismOptimizer` is never used
   --> src\prism.rs:318:10
    |
318 | pub type PrismOptimizer = PrismOptimizerN<4>;
    |          ^^^^^^^^^^^^^^

warning: type alias `PrismOptimizer5D` is never used
   --> src\prism.rs:332:10
    |
332 | pub type PrismOptimizer5D = PrismOptimizerN<5>;
    |          ^^^^^^^^^^^^^^^^

warning: methods `compute_update_4d` and `condition_number_4d` are never used
   --> src\prism.rs:341:12
    |
338 | impl PrismOptimizer {
    | ------------------- methods in this implementation
...
341 |     pub fn compute_update_4d(&mut self, g: &[f64; 4]) -> [f64; 4] {
    |            ^^^^^^^^^^^^^^^^^
...
347 |     pub fn condition_number_4d(&self) -> f64 {
    |            ^^^^^^^^^^^^^^^^^^^

warning: associated items `from_4d` and `resonance_diagnostics` are never used
   --> src\prism.rs:385:12
    |
370 | impl PrismOptimizer5D {
    | --------------------- associated items in this implementation
...
385 |     pub fn from_4d(opt4: &PrismOptimizer) -> Self {
    |            ^^^^^^^
...
411 |     pub fn resonance_diagnostics(&self) -> ResonanceDiagnostics {
    |            ^^^^^^^^^^^^^^^^^^^^^

warning: struct `ResonanceDiagnostics` is never constructed
   --> src\prism.rs:450:12
    |
450 | pub struct ResonanceDiagnostics {
    |            ^^^^^^^^^^^^^^^^^^^^

warning: constant `RECENCY` is never used
   --> src\prism.rs:359:15
    |
359 |     pub const RECENCY: usize = 0;
    |               ^^^^^^^

warning: constant `FREQUENCY` is never used
   --> src\prism.rs:361:15
    |
361 |     pub const FREQUENCY: usize = 1;
    |               ^^^^^^^^^

warning: constant `SEMANTIC` is never used
   --> src\prism.rs:363:15
    |
363 |     pub const SEMANTIC: usize = 2;
    |               ^^^^^^^^

warning: constant `ENTROPY` is never used
   --> src\prism.rs:365:15
    |
365 |     pub const ENTROPY: usize = 3;
    |               ^^^^^^^

warning: constant `RESONANCE` is never used
   --> src\prism.rs:367:15
    |
367 |     pub const RESONANCE: usize = 4;
    |               ^^^^^^^^^

warning: static `STOP_WORDS` is never used
  --> src\query.rs:24:8
   |
24 | static STOP_WORDS: &[&str] = &[
   |        ^^^^^^^^^^

warning: static `GENERIC_VERBS` is never used
  --> src\query.rs:36:8
   |
36 | static GENERIC_VERBS: &[&str] = &[
   |        ^^^^^^^^^^^^^

warning: static `SPECIFICITY_SIGNALS` is never used
  --> src\query.rs:44:8
   |
44 | static SPECIFICITY_SIGNALS: &[&str] = &[
   |        ^^^^^^^^^^^^^^^^^^^

warning: struct `QueryAnalysis` is never constructed
  --> src\query.rs:58:12
   |
58 | pub struct QueryAnalysis {
   |            ^^^^^^^^^^^^^

warning: function `tokenize` is never used
  --> src\query.rs:74:4
   |
74 | fn tokenize(text: &str) -> Vec<String> {
   |    ^^^^^^^^

warning: function `is_stop_word` is never used
  --> src\query.rs:81:4
   |
81 | fn is_stop_word(word: &str) -> bool {
   |    ^^^^^^^^^^^^

warning: function `tf` is never used
  --> src\query.rs:86:4
   |
86 | fn tf(tokens: &[String]) -> HashMap<String, f64> {
   |    ^^

warning: function `idf` is never used
  --> src\query.rs:99:4
   |
99 | fn idf(corpus: &[Vec<String>]) -> HashMap<String, f64> {
   |    ^^^

warning: function `extract_key_terms` is never used
   --> src\query.rs:118:8
    |
118 | pub fn extract_key_terms(
    |        ^^^^^^^^^^^^^^^^^

warning: function `compute_vagueness` is never used
   --> src\query.rs:170:8
    |
170 | pub fn compute_vagueness(query: &str) -> (f64, String) {
    |        ^^^^^^^^^^^^^^^^^

warning: function `analyze_query` is never used
   --> src\query.rs:223:8
    |
223 | pub fn analyze_query(query: &str, fragment_summaries: &[String]) -> QueryAnalysis {
    |        ^^^^^^^^^^^^^

warning: function `refine_heuristic` is never used
   --> src\query.rs:250:8
    |
250 | pub fn refine_heuristic(query: &str, fragment_summaries: &[String]) -> String {
    |        ^^^^^^^^^^^^^^^^

warning: struct `AgentBudgetState` is never constructed
  --> src\nkbe.rs:31:12
   |
31 | pub struct AgentBudgetState {
   |            ^^^^^^^^^^^^^^^^

warning: struct `NkbeAllocator` is never constructed
  --> src\nkbe.rs:51:12
   |
51 | pub struct NkbeAllocator {
   |            ^^^^^^^^^^^^^

warning: associated items `new`, `register_agent`, `add_fragment`, `allocate`, `reinforce`, 
and `stats` are never used
   --> src\nkbe.rs:67:12
    |
 66 | impl NkbeAllocator {
    | ------------------ associated items in this implementation
 67 |     pub fn new(
    |            ^^^
...
 90 |     pub fn register_agent(
    |            ^^^^^^^^^^^^^^
...
105 |     pub fn add_fragment(
    |            ^^^^^^^^^^^^
...
132 |     pub fn allocate(&mut self) -> serde_json::Value {
    |            ^^^^^^^^
...
237 |     pub fn reinforce(&mut self, outcomes_json: &str) -> bool {
    |            ^^^^^^^^^
...
261 |     pub fn stats(&self) -> serde_json::Value {
    |            ^^^^^

warning: methods `agent_utility`, `agent_demand`, `total_demand`, and `compute_dual` are 
never used
   --> src\nkbe.rs:277:8
    |
274 | impl NkbeAllocator {
    | ------------------ methods in this implementation
...
277 |     fn agent_utility(&self, agent_idx: usize, lambda: f64) -> f64 {
    |        ^^^^^^^^^^^^^
...
293 |     fn agent_demand(&self, agent_idx: usize, lambda: f64) -> f64 {
    |        ^^^^^^^^^^^^
...
309 |     fn total_demand(&self, lambda: f64) -> f64 {
    |        ^^^^^^^^^^^^
...
316 |     fn compute_dual(&self, lambda: f64) -> f64 {
    |        ^^^^^^^^^^^^

warning: function `sigmoid` is never used
   --> src\nkbe.rs:362:4
    |
362 | fn sigmoid(x: f64) -> f64 {
    |    ^^^^^^^

warning: function `softplus` is never used
   --> src\nkbe.rs:374:4
    |
374 | fn softplus(x: f64) -> f64 {
    |    ^^^^^^^^

warning: constant `POISSON_ALPHA` is never used
  --> src\cognitive_bus.rs:44:7
   |
44 | const POISSON_ALPHA: f64 = 0.1;         // EMA smoothing for rate estimation
   |       ^^^^^^^^^^^^^

warning: constant `RECENCY_DECAY` is never used
  --> src\cognitive_bus.rs:45:7
   |
45 | const RECENCY_DECAY: f64 = 0.001;       // Exponential decay rate for recency
   |       ^^^^^^^^^^^^^

warning: constant `NOVELTY_CAP` is never used
  --> src\cognitive_bus.rs:46:7
   |
46 | const NOVELTY_CAP: f64 = 0.8;           // Soft cap for novelty score
   |       ^^^^^^^^^^^

warning: constant `SPIKE_K` is never used
  --> src\cognitive_bus.rs:47:7
   |
47 | const SPIKE_K: f64 = 3.0;               // Welford spike threshold (k┬╖╧â)
   |       ^^^^^^^

warning: constant `DEFAULT_LAMBDA` is never used
  --> src\cognitive_bus.rs:48:7
   |
48 | const DEFAULT_LAMBDA: f64 = 1.0;        // Default expected Poisson rate
   |       ^^^^^^^^^^^^^^

warning: constant `MIN_LAMBDA` is never used
  --> src\cognitive_bus.rs:49:7
   |
49 | const MIN_LAMBDA: f64 = 0.001;          // Floor to prevent log(0)
   |       ^^^^^^^^^^

warning: constant `MAX_QUEUE_PER_AGENT` is never used
  --> src\cognitive_bus.rs:50:7
   |
50 | const MAX_QUEUE_PER_AGENT: usize = 256; // Per-agent queue cap
   |       ^^^^^^^^^^^^^^^^^^^

warning: constant `EMOTIONAL_CRITICAL_BOOST` is never used
  --> src\cognitive_bus.rs:51:7
   |
51 | const EMOTIONAL_CRITICAL_BOOST: f64 = 3.0;
   |       ^^^^^^^^^^^^^^^^^^^^^^^^

warning: constant `EMOTIONAL_IMPORTANT_BOOST` is never used
  --> src\cognitive_bus.rs:52:7
   |
52 | const EMOTIONAL_IMPORTANT_BOOST: f64 = 1.5;
   |       ^^^^^^^^^^^^^^^^^^^^^^^^^

warning: multiple variants are never constructed
  --> src\cognitive_bus.rs:61:5
   |
59 | pub enum EventType {
   |          --------- variants in this enum
60 |     // Zone 1: Perception (external inputs)
61 |     Observation,
   |     ^^^^^^^^^^^
62 |     ToolResult,
   |     ^^^^^^^^^^
63 |     UserMessage,
   |     ^^^^^^^^^^^
64 |     SystemAlert,
   |     ^^^^^^^^^^^
...
67 |     Belief,
   |     ^^^^^^
68 |     Hypothesis,
   |     ^^^^^^^^^^
69 |     PlanUpdate,
   |     ^^^^^^^^^^
70 |     GoalChange,
   |     ^^^^^^^^^^
...
73 |     MemoryRecall,
   |     ^^^^^^^^^^^^
74 |     MemoryConsolidate,
   |     ^^^^^^^^^^^^^^^^^
75 |     MemoryDecay,
   |     ^^^^^^^^^^^
...
78 |     ActionProposed,
   |     ^^^^^^^^^^^^^^
79 |     ActionCompleted,
   |     ^^^^^^^^^^^^^^^
80 |     Feedback,
   |     ^^^^^^^^
...
83 |     Custom(String),
   |     ^^^^^^
   |
   = note: `EventType` has derived impls for the traits `Debug` and `Clone`, but these are 
intentionally ignored during dead code analysis

warning: associated items `from_str` and `as_str` are never used
   --> src\cognitive_bus.rs:87:8
    |
 86 | impl EventType {
    | -------------- associated items in this implementation
 87 |     fn from_str(s: &str) -> Self {
    |        ^^^^^^^^
...
107 |     fn as_str(&self) -> &str {
    |        ^^^^^^

warning: multiple fields are never read
   --> src\cognitive_bus.rs:134:9
    |
132 | pub struct BusEvent {
    |            -------- fields in this struct
133 |     pub id: u64,
134 |     pub source_agent: String,
    |         ^^^^^^^^^^^^
135 |     pub event_type: EventType,
    |         ^^^^^^^^^^
136 |     pub content: String,
    |         ^^^^^^^
137 |     pub timestamp: f64,           // Monotonic tick counter
    |         ^^^^^^^^^
138 |     pub simhash: u64,             // Precomputed fingerprint
    |         ^^^^^^^
139 |     pub emotional_tag: u8,        // 0=neutral, 1=positive, 2=negative, 3=critical
    |         ^^^^^^^^^^^^^
140 |     pub salience: f64,            // For hippocampus bridge
    |         ^^^^^^^^
141 |     pub is_spike: bool,           // Welford-detected anomaly
    |         ^^^^^^^^
    |
    = note: `BusEvent` has derived impls for the traits `Debug` and `Clone`, but these are 
intentionally ignored during dead code analysis

warning: fields `count`, `mean`, and `m2` are never read
   --> src\cognitive_bus.rs:178:5
    |
177 | struct WelfordAccumulator {
    |        ------------------ fields in this struct
178 |     count: u64,
    |     ^^^^^
179 |     mean: f64,
    |     ^^^^
180 |     m2: f64,      // Sum of squared deviations
    |     ^^
    |
    = note: `WelfordAccumulator` has derived impls for the traits `Debug` and `Clone`, but 
these are intentionally ignored during dead code analysis

warning: associated items `new`, `update`, and `is_spike` are never used
   --> src\cognitive_bus.rs:184:8
    |
183 | impl WelfordAccumulator {
    | ----------------------- associated items in this implementation
184 |     fn new() -> Self {
    |        ^^^
...
190 |     fn update(&mut self, x: f64) -> (f64, f64) {
    |        ^^^^^^
...
203 |     fn is_spike(&self, x: f64, k: f64) -> bool {
    |        ^^^^^^^^

warning: fields `lambda_expected`, `last_count`, and `last_time` are never read
   --> src\cognitive_bus.rs:217:5
    |
216 | struct PoissonRate {
    |        ----------- fields in this struct
217 |     lambda_expected: f64,     // Expected rate (EMA-smoothed)
    |     ^^^^^^^^^^^^^^^
218 |     last_count: u64,          // Event count at last update
    |     ^^^^^^^^^^
219 |     last_time: f64,           // Timestamp of last update
    |     ^^^^^^^^^
    |
    = note: `PoissonRate` has derived impls for the traits `Debug` and `Clone`, but these 
are intentionally ignored during dead code analysis

warning: associated items `new`, `observe`, and `kl_surprise` are never used
   --> src\cognitive_bus.rs:223:8
    |
222 | impl PoissonRate {
    | ---------------- associated items in this implementation
223 |     fn new() -> Self {
    |        ^^^
...
232 |     fn observe(&mut self, current_count: u64, current_time: f64) {
    |        ^^^^^^^
...
248 |     fn kl_surprise(&self, observed_rate: f64) -> f64 {
    |        ^^^^^^^^^^^

warning: multiple associated items are never used
   --> src\cognitive_bus.rs:281:8
    |
280 | impl Subscriber {
    | --------------- associated items in this implementation
281 |     fn new(agent_id: &str) -> Self {
    |        ^^^
...
298 |     fn compute_novelty(&self, event_hash: u64) -> f64 {
    |        ^^^^^^^^^^^^^^^
...
315 |     fn compute_mutual_info(&self, event_hash: u64) -> f64 {
    |        ^^^^^^^^^^^^^^^^^^^
...
327 |     fn compute_priority(&mut self, event: &BusEvent, current_time: f64) -> f64 {
    |        ^^^^^^^^^^^^^^^^
...
374 |     fn check_spike(&mut self, priority: f64) -> bool {
    |        ^^^^^^^^^^^
...
381 |     fn enqueue(&mut self, event: BusEvent, priority: f64) {
    |        ^^^^^^^
...
417 |     fn is_subscribed(&self, event_type: &EventType) -> bool {
    |        ^^^^^^^^^^^^^

warning: multiple fields are never read
   --> src\cognitive_bus.rs:439:5
    |
437 | pub struct CognitiveBus {
    |            ------------ fields in this struct
438 |     subscribers: HashMap<String, Subscriber>,
439 |     event_counter: u64,
    |     ^^^^^^^^^^^^^
440 |     current_tick: f64,
    |     ^^^^^^^^^^^^
441 |     /// Global dedup: prevent same event from being routed twice
442 |     recent_hashes: VecDeque<u64>,
    |     ^^^^^^^^^^^^^
443 |     /// Global Welford for event rate spike detection
444 |     global_welford: WelfordAccumulator,
    |     ^^^^^^^^^^^^^^
...
448 |     memory_salience_threshold: f64,
    |     ^^^^^^^^^^^^^^^^^^^^^^^^^
449 |     /// Stats
450 |     total_published: u64,
    |     ^^^^^^^^^^^^^^^
451 |     total_deduplicated: u64,
    |     ^^^^^^^^^^^^^^^^^^
452 |     total_spikes: u64,
    |     ^^^^^^^^^^^^
453 |     total_memory_bridged: u64,
    |     ^^^^^^^^^^^^^^^^^^^^

warning: multiple associated items are never used
   --> src\cognitive_bus.rs:458:12
    |
457 | impl CognitiveBus {
    | ----------------- associated items in this implementation
458 |     pub fn new(memory_salience_threshold: f64) -> Self {
    |            ^^^
...
480 |     pub fn subscribe(&mut self, agent_id: &str, event_types: Vec<String>) {
    |            ^^^^^^^^^
...
489 |     pub fn unsubscribe(&mut self, agent_id: &str) {
    |            ^^^^^^^^^^^
...
497 |     pub fn set_task_context(&mut self, agent_id: &str, task_text: &str) {
    |            ^^^^^^^^^^^^^^^^
...
504 |     pub fn tick(&mut self) {
    |            ^^^^
...
509 |     pub fn set_tick(&mut self, tick: f64) {
    |            ^^^^^^^^
...
532 |     pub fn publish(
    |            ^^^^^^^
...
628 |     pub fn drain(&mut self, agent_id: &str, limit: usize) -> Vec<serde_json::Value> {
    |            ^^^^^
...
657 |     pub fn drain_memory_bridge(&mut self) -> Vec<serde_json::Value> {
    |            ^^^^^^^^^^^^^^^^^^^
...
675 |     pub fn queue_depth(&self, agent_id: &str) -> usize {
    |            ^^^^^^^^^^^
...
682 |     pub fn stats(&self) -> serde_json::Value {
    |            ^^^^^

warning: associated function `for_model` is never used
   --> src\cache.rs:160:12
    |
153 | impl CostModel {
    | -------------- associated function in this implementation
...
160 |     pub fn for_model(model_name: &str) -> Self {
    |            ^^^^^^^^^

warning: struct `CausalInvalidator` is never constructed
   --> src\cache.rs:874:12
    |
874 | pub struct CausalInvalidator;
    |            ^^^^^^^^^^^^^^^^^

warning: associated items `DECAY_LAMBDA`, `decay_multiplier_weighted`, and 
`invalidate_weighted` are never used
   --> src\cache.rs:877:11
    |
876 | impl CausalInvalidator {
    | ---------------------- associated items in this implementation
877 |     const DECAY_LAMBDA: f64 = core::f64::consts::LN_2;
    |           ^^^^^^^^^^^^
...
883 |     pub fn decay_multiplier_weighted(
    |            ^^^^^^^^^^^^^^^^^^^^^^^^^
...
913 |     pub fn invalidate_weighted(
    |            ^^^^^^^^^^^^^^^^^^^

warning: field `tokens_saved` is never read
    --> src\cache.rs:1018:34
     |
1018 |     ExactHit { response: String, tokens_saved: u32 },
     |     --------                     ^^^^^^^^^^^^
     |     |
     |     field in this variant
     |
     = note: `CacheLookup` has a derived impl for the trait `Debug`, but this is 
intentionally ignored during dead code analysis

warning: fields `tokens_saved`, `hamming_distance`, and `jaccard_similarity` are never read
    --> src\cache.rs:1019:37
     |
1019 |     SemanticHit { response: String, tokens_saved: u32, hamming_distance: u32, 
jaccard_similarity: f64 },
     |     -----------                     ^^^^^^^^^^^^       ^^^^^^^^^^^^^^^^       
^^^^^^^^^^^^^^^^^^
     |     |
     |     fields in this variant
     |
     = note: `CacheLookup` has a derived impl for the trait `Debug`, but this is 
intentionally ignored during dead code analysis

warning: struct `CacheSnapshot` is never constructed
    --> src\cache.rs:1052:12
     |
1052 | pub struct CacheSnapshot {
     |            ^^^^^^^^^^^^^

warning: multiple fields are never read
    --> src\cache.rs:1120:9
     |
1118 | pub struct CacheStats {
     |            ---------- fields in this struct
1119 |     pub total_entries: usize,
1120 |     pub total_lookups: u64,
     |         ^^^^^^^^^^^^^
...
1123 |     pub misses: u64,
     |         ^^^^^^
...
1126 |     pub total_admissions: u64,
     |         ^^^^^^^^^^^^^^^^
1127 |     pub total_rejections: u64,
     |         ^^^^^^^^^^^^^^^^
1128 |     pub total_evictions: u64,
     |         ^^^^^^^^^^^^^^^
1129 |     pub total_invalidations: u64,
     |         ^^^^^^^^^^^^^^^^^^^
1130 |     pub admission_rate: f64,
     |         ^^^^^^^^^^^^^^
1131 |     pub entropy_threshold: f64,
     |         ^^^^^^^^^^^^^^^^^
1132 |     pub avg_quality: f64,
     |         ^^^^^^^^^^^
1133 |     pub adaptive_alpha: f64,
     |         ^^^^^^^^^^^^^^
1134 |     pub thompson_alpha: f64,
     |         ^^^^^^^^^^^^^^
1135 |     pub thompson_beta: f64,
     |         ^^^^^^^^^^^^^
1136 |     pub hit_rate_ema: f64,
     |         ^^^^^^^^^^^^
1137 |     pub predictor_weights: [f64; 5],
     |         ^^^^^^^^^^^^^^^^^
1138 |     pub freq_admissions: u64,
     |         ^^^^^^^^^^^^^^^
1139 |     pub freq_rejections: u64,
     |         ^^^^^^^^^^^^^^^
1140 |     pub shifts_detected: u32,
     |         ^^^^^^^^^^^^^^^
1141 |     /// Tail cost savings: P50, P95, P99 (dollars saved per cache hit).
1142 |     pub p50_cost_saved: f64,
     |         ^^^^^^^^^^^^^^
1143 |     pub p95_cost_saved: f64,
     |         ^^^^^^^^^^^^^^
1144 |     pub p99_cost_saved: f64,
     |         ^^^^^^^^^^^^^^
1145 |     /// Invalidation depth breakdown: [direct, depth_1, depth_2, depth_3+].
1146 |     pub invalidation_depth_counts: [u64; 4],
     |         ^^^^^^^^^^^^^^^^^^^^^^^^^
1147 |     /// Hard (direct) vs soft (transitive) invalidation counts.
1148 |     pub hard_invalidations: u64,
     |         ^^^^^^^^^^^^^^^^^^
1149 |     pub soft_invalidations: u64,
     |         ^^^^^^^^^^^^^^^^^^
1150 |     /// Number of full frequency sketch resets (severe distribution shifts).
1151 |     pub total_resets: u32,
     |         ^^^^^^^^^^^^
     |
     = note: `CacheStats` has derived impls for the traits `Debug` and `Clone`, but these 
are intentionally ignored during dead code analysis

warning: multiple methods are never used
    --> src\cache.rs:1447:12
     |
1154 | impl EgscCache {
     | -------------- methods in this implementation
...
1447 |     pub fn invalidate_weighted(&mut self, stale_closure: &HashSet<String>, 
depth_weights: &HashMap<String, u32>) -> u32 {
     |            ^^^^^^^^^^^^^^^^^^^
...
1463 |     pub fn gc(&mut self, min_quality: f64) -> u32 {
     |            ^^
...
1522 |     pub fn len(&self) -> usize { self.entries.len() }
     |            ^^^
1523 |     pub fn is_empty(&self) -> bool { self.entries.is_empty() }
     |            ^^^^^^^^
...
1526 |     pub fn set_cost_per_token(&mut self, cost: f64) {
     |            ^^^^^^^^^^^^^^^^^^
...
1539 |     pub fn export_cache(&self) -> Result<String, String> {
     |            ^^^^^^^^^^^^
...
1587 |     pub fn import_cache(&mut self, json_str: &str) -> Result<usize, String> {
     |            ^^^^^^^^^^^^

warning: enum `Lang` is never used
  --> src\skeleton.rs:19:6
   |
19 | enum Lang {
   |      ^^^^

warning: function `detect_lang` is never used
  --> src\skeleton.rs:39:4
   |
39 | fn detect_lang(source: &str) -> Lang {
   |    ^^^^^^^^^^^

warning: function `extract_skeleton` is never used
  --> src\skeleton.rs:85:8
   |
85 | pub fn extract_skeleton(content: &str, source: &str) -> Option<String> {
   |        ^^^^^^^^^^^^^^^^

warning: function `leading_spaces` is never used
   --> src\skeleton.rs:128:4
    |
128 | fn leading_spaces(line: &str) -> usize {
    |    ^^^^^^^^^^^^^^

warning: function `count_char` is never used
   --> src\skeleton.rs:133:4
    |
133 | fn count_char(s: &str, ch: char) -> usize {
    |    ^^^^^^^^^^

warning: function `extract_python_skeleton` is never used
   --> src\skeleton.rs:139:4
    |
139 | fn extract_python_skeleton(content: &str) -> String {
    |    ^^^^^^^^^^^^^^^^^^^^^^^

warning: function `extract_rust_skeleton` is never used
   --> src\skeleton.rs:305:4
    |
305 | fn extract_rust_skeleton(content: &str) -> String {
    |    ^^^^^^^^^^^^^^^^^^^^^

warning: function `extract_js_skeleton` is never used
   --> src\skeleton.rs:489:4
    |
489 | fn extract_js_skeleton(content: &str) -> String {
    |    ^^^^^^^^^^^^^^^^^^^

warning: function `extract_go_skeleton` is never used
   --> src\skeleton.rs:676:4
    |
676 | fn extract_go_skeleton(content: &str) -> String {
    |    ^^^^^^^^^^^^^^^^^^^

warning: function `extract_java_skeleton` is never used
   --> src\skeleton.rs:805:4
    |
805 | fn extract_java_skeleton(content: &str) -> String {
    |    ^^^^^^^^^^^^^^^^^^^^^

warning: function `extract_cpp_skeleton` is never used
   --> src\skeleton.rs:935:4
    |
935 | fn extract_cpp_skeleton(content: &str) -> String {
    |    ^^^^^^^^^^^^^^^^^^^^

warning: function `extract_swift_skeleton` is never used
    --> src\skeleton.rs:1094:4
     |
1094 | fn extract_swift_skeleton(content: &str) -> String {
     |    ^^^^^^^^^^^^^^^^^^^^^^

warning: function `extract_shell_skeleton` is never used
    --> src\skeleton.rs:1234:4
     |
1234 | fn extract_shell_skeleton(content: &str) -> String {
     |    ^^^^^^^^^^^^^^^^^^^^^^

warning: function `is_rust_type_def` is never used
    --> src\skeleton.rs:1318:4
     |
1318 | fn is_rust_type_def(trimmed: &str) -> bool {
     |    ^^^^^^^^^^^^^^^^

warning: function `is_js_method_sig` is never used
    --> src\skeleton.rs:1325:4
     |
1325 | fn is_js_method_sig(trimmed: &str) -> bool {
     |    ^^^^^^^^^^^^^^^^

warning: function `is_java_type_def` is never used
    --> src\skeleton.rs:1348:4
     |
1348 | fn is_java_type_def(trimmed: &str) -> bool {
     |    ^^^^^^^^^^^^^^^^

warning: function `is_java_method_line` is never used
    --> src\skeleton.rs:1365:4
     |
1365 | fn is_java_method_line(trimmed: &str) -> bool {
     |    ^^^^^^^^^^^^^^^^^^^

warning: function `is_cpp_function_def` is never used
    --> src\skeleton.rs:1372:4
     |
1372 | fn is_cpp_function_def(trimmed: &str) -> bool {
     |    ^^^^^^^^^^^^^^^^^^^

warning: function `is_swift_type_def` is never used
    --> src\skeleton.rs:1386:4
     |
1386 | fn is_swift_type_def(trimmed: &str) -> bool {
     |    ^^^^^^^^^^^^^^^^^

warning: function `extract_ruby_skeleton` is never used
    --> src\skeleton.rs:1404:4
     |
1404 | fn extract_ruby_skeleton(content: &str) -> String {
     |    ^^^^^^^^^^^^^^^^^^^^^

warning: function `extract_php_skeleton` is never used
    --> src\skeleton.rs:1504:4
     |
1504 | fn extract_php_skeleton(content: &str) -> String {
     |    ^^^^^^^^^^^^^^^^^^^^

warning: function `is_php_type_def` is never used
    --> src\skeleton.rs:1637:4
     |
1637 | fn is_php_type_def(trimmed: &str) -> bool {
     |    ^^^^^^^^^^^^^^^

warning: function `is_php_function_line` is never used
    --> src\skeleton.rs:1653:4
     |
1653 | fn is_php_function_line(trimmed: &str) -> bool {
     |    ^^^^^^^^^^^^^^^^^^^^

warning: function `extract_sfc_skeleton` is never used
    --> src\skeleton.rs:1669:4
     |
1669 | fn extract_sfc_skeleton(content: &str) -> String {
     |    ^^^^^^^^^^^^^^^^^^^^

warning: function `extract_html_skeleton` is never used
    --> src\skeleton.rs:1772:4
     |
1772 | fn extract_html_skeleton(content: &str) -> String {
     |    ^^^^^^^^^^^^^^^^^^^^^

warning: function `extract_css_skeleton` is never used
    --> src\skeleton.rs:1862:4
     |
1862 | fn extract_css_skeleton(content: &str) -> String {
     |    ^^^^^^^^^^^^^^^^^^^^

warning: struct `ContextScorer` is never constructed
   --> src\lsh.rs:192:12
    |
192 | pub struct ContextScorer {
    |            ^^^^^^^^^^^^^

warning: method `score` is never used
   --> src\lsh.rs:223:12
    |
214 | impl ContextScorer {
    | ------------------ method in this implementation
...
223 |     pub fn score(
    |            ^^^^^

warning: method `cvss_weight` is never used
  --> src\sast.rs:40:12
   |
38 | impl Severity {
   | ------------- method in this implementation
39 |     /// CVSS base score contribution [0.0, 4.0] (used in aggregate scoring)
40 |     pub fn cvss_weight(self) -> f64 {
   |            ^^^^^^^^^^^

warning: struct `SastRule` is never constructed
  --> src\sast.rs:64:12
   |
64 | pub struct SastRule {
   |            ^^^^^^^^

warning: struct `SastFinding` is never constructed
   --> src\sast.rs:103:12
    |
103 | pub struct SastFinding {
    |            ^^^^^^^^^^^

warning: struct `SastReport` is never constructed
   --> src\sast.rs:120:12
    |
120 | pub struct SastReport {
    |            ^^^^^^^^^^

warning: static `RULES` is never used
   --> src\sast.rs:139:8
    |
139 | static RULES: &[SastRule] = &[
    |        ^^^^^

warning: function `detect_lang` is never used
    --> src\sast.rs:1887:4
     |
1887 | fn detect_lang(source: &str) -> Option<&'static str> {
     |    ^^^^^^^^^^^

warning: function `rule_applies` is never used
    --> src\sast.rs:1912:4
     |
1912 | fn rule_applies(rule: &SastRule, lang: Option<&str>) -> bool {
     |    ^^^^^^^^^^^^

warning: function `is_non_code_file` is never used
    --> src\sast.rs:1937:4
     |
1937 | fn is_non_code_file(source: &str) -> bool {
     |    ^^^^^^^^^^^^^^^^

warning: static `TAINT_SOURCES` is never used
    --> src\sast.rs:1957:8
     |
1957 | static TAINT_SOURCES: &[&str] = &[
     |        ^^^^^^^^^^^^^

warning: static `TAINT_PROPAGATORS` is never used
    --> src\sast.rs:1989:8
     |
1989 | static TAINT_PROPAGATORS: &[&str] = &[
     |        ^^^^^^^^^^^^^^^^^

warning: function `collect_taint_sources` is never used
    --> src\sast.rs:1995:4
     |
1995 | fn collect_taint_sources(lines: &[&str]) -> HashMap<usize, Vec<String>> {
     |    ^^^^^^^^^^^^^^^^^^^^^

warning: function `extract_assignment_lhs` is never used
    --> src\sast.rs:2018:4
     |
2018 | fn extract_assignment_lhs(line: &str) -> Option<String> {
     |    ^^^^^^^^^^^^^^^^^^^^^^

warning: function `propagate_taint` is never used
    --> src\sast.rs:2060:4
     |
2060 | fn propagate_taint(lines: &[&str], direct_sources: &HashMap<usize, Vec<String>>) -> 
HashSet<String> {
     |    ^^^^^^^^^^^^^^^

warning: function `line_is_tainted` is never used
    --> src\sast.rs:2091:4
     |
2091 | fn line_is_tainted(line_lower: &str, tainted_vars: &HashSet<String>, direct_sources: 
&HashMap<usize, Vec<String>>, line_idx: usize) -> bo...
     |    ^^^^^^^^^^^^^^^

warning: struct `CommentTracker` is never constructed
    --> src\sast.rs:2107:8
     |
2107 | struct CommentTracker {
     |        ^^^^^^^^^^^^^^

warning: associated items `new` and `update_and_check` are never used
    --> src\sast.rs:2112:8
     |
2111 | impl CommentTracker {
     | ------------------- associated items in this implementation
2112 |     fn new() -> Self { CommentTracker { in_block_comment: false } }
     |        ^^^
2113 |
2114 |     fn update_and_check(&mut self, line: &str) -> bool {
     |        ^^^^^^^^^^^^^^^^

warning: function `confidence_for_context` is never used
    --> src\sast.rs:2149:4
     |
2149 | fn confidence_for_context(source: &str, line: &str, rule: &SastRule) -> f64 {
     |    ^^^^^^^^^^^^^^^^^^^^^^

warning: function `compute_risk_score` is never used
    --> src\sast.rs:2194:4
     |
2194 | fn compute_risk_score(findings: &[SastFinding]) -> f64 {
     |    ^^^^^^^^^^^^^^^^^^

warning: function `scan_content` is never used
    --> src\sast.rs:2217:8
     |
2217 | pub fn scan_content(content: &str, source: &str) -> SastReport {
     |        ^^^^^^^^^^^^

warning: struct `ClonePair` is never constructed
  --> src\health.rs:56:12
   |
56 | pub struct ClonePair {
   |            ^^^^^^^^^

warning: associated function `from_hamming` is never used
  --> src\health.rs:79:8
   |
78 | impl CloneType {
   | -------------- associated function in this implementation
79 |     fn from_hamming(dist: u32) -> Option<CloneType> {
   |        ^^^^^^^^^^^^

warning: struct `DeadSymbol` is never constructed
  --> src\health.rs:98:12
   |
98 | pub struct DeadSymbol {
   |            ^^^^^^^^^^

warning: struct `GodFile` is never constructed
   --> src\health.rs:108:12
    |
108 | pub struct GodFile {
    |            ^^^^^^^

warning: struct `ArchViolation` is never constructed
   --> src\health.rs:119:12
    |
119 | pub struct ArchViolation {
    |            ^^^^^^^^^^^^^

warning: struct `NamingIssue` is never constructed
   --> src\health.rs:130:12
    |
130 | pub struct NamingIssue {
    |            ^^^^^^^^^^^

warning: struct `HealthReport` is never constructed
   --> src\health.rs:139:12
    |
139 | pub struct HealthReport {
    |            ^^^^^^^^^^^^

warning: function `detect_clones` is never used
   --> src\health.rs:169:4
    |
169 | fn detect_clones(fragments: &[&ContextFragment]) -> Vec<ClonePair> {
    |    ^^^^^^^^^^^^^

warning: function `find_dead_symbols` is never used
   --> src\health.rs:236:4
    |
236 | fn find_dead_symbols(
    |    ^^^^^^^^^^^^^^^^^

warning: function `is_generic_symbol` is never used
   --> src\health.rs:321:4
    |
321 | fn is_generic_symbol(sym: &str) -> bool {
    |    ^^^^^^^^^^^^^^^^^

warning: function `find_god_files` is never used
   --> src\health.rs:340:4
    |
340 | fn find_god_files(
    |    ^^^^^^^^^^^^^^

warning: static `ARCH_LAYERS` is never used
   --> src\health.rs:406:8
    |
406 | static ARCH_LAYERS: &[(&str, &[&str])] = &[
    |        ^^^^^^^^^^^

warning: function `classify_layer` is never used
   --> src\health.rs:415:4
    |
415 | fn classify_layer(source: &str) -> Option<(usize, &'static str)> {
    |    ^^^^^^^^^^^^^^

warning: function `find_arch_violations` is never used
   --> src\health.rs:427:4
    |
427 | fn find_arch_violations(fragments: &[&ContextFragment]) -> Vec<ArchViolation> {
    |    ^^^^^^^^^^^^^^^^^^^^

warning: function `find_layer_in_import` is never used
   --> src\health.rs:476:4
    |
476 | fn find_layer_in_import(import_line: &str) -> Option<(usize, &'static str)> {
    |    ^^^^^^^^^^^^^^^^^^^^

warning: function `find_naming_issues` is never used
   --> src\health.rs:496:4
    |
496 | fn find_naming_issues(fragments: &[&ContextFragment]) -> Vec<NamingIssue> {
    |    ^^^^^^^^^^^^^^^^^^

warning: function `compute_code_health` is never used
   --> src\health.rs:572:4
    |
572 | fn compute_code_health(
    |    ^^^^^^^^^^^^^^^^^^^

warning: function `health_grade` is never used
   --> src\health.rs:609:4
    |
609 | fn health_grade(score: f64) -> &'static str {
    |    ^^^^^^^^^^^^

warning: function `analyze_health` is never used
   --> src\health.rs:621:8
    |
621 | pub fn analyze_health(
    |        ^^^^^^^^^^^^^^

warning: function `basename` is never used
   --> src\health.rs:698:4
    |
698 | fn basename(path: &str) -> &str {
    |    ^^^^^^^^

warning: function `to_snake_case` is never used
   --> src\health.rs:702:4
    |
702 | fn to_snake_case(s: &str) -> String {
    |    ^^^^^^^^^^^^^

warning: function `to_pascal_case` is never used
   --> src\health.rs:713:4
    |
713 | fn to_pascal_case(s: &str) -> String {
    |    ^^^^^^^^^^^^^^

warning: struct `HccResult` is never constructed
  --> src\hierarchical.rs:29:12
   |
29 | pub struct HccResult {
   |            ^^^^^^^^^

warning: function `compress_level1` is never used
  --> src\hierarchical.rs:54:8
   |
54 | pub fn compress_level1(fragments: &[ContextFragment]) -> (String, u32) {
   |        ^^^^^^^^^^^^^^^

warning: function `extract_oneliner_from_skeleton` is never used
  --> src\hierarchical.rs:82:4
   |
82 | fn extract_oneliner_from_skeleton(skeleton: &str) -> String {
   |    ^^^^^^^^^^^^^^^^^^^^^^^^^^^^^^

warning: function `identify_cluster` is never used
   --> src\hierarchical.rs:175:8
    |
175 | pub fn identify_cluster(
    |        ^^^^^^^^^^^^^^^^

warning: function `compress_level2` is never used
   --> src\hierarchical.rs:224:8
    |
224 | pub fn compress_level2(
    |        ^^^^^^^^^^^^^^^

warning: function `allocate_budget` is never used
   --> src\hierarchical.rs:326:8
    |
326 | pub fn allocate_budget(
    |        ^^^^^^^^^^^^^^^

warning: function `submodular_marginal_gain` is never used
   --> src\hierarchical.rs:372:8
    |
372 | pub fn submodular_marginal_gain(
    |        ^^^^^^^^^^^^^^^^^^^^^^^^

warning: function `extract_module` is never used
   --> src\hierarchical.rs:392:4
    |
392 | fn extract_module(source: &str) -> String {
    |    ^^^^^^^^^^^^^^

warning: function `hierarchical_compress` is never used
   --> src\hierarchical.rs:416:8
    |
416 | pub fn hierarchical_compress(
    |        ^^^^^^^^^^^^^^^^^^^^^

warning: constant `MIN_GROUP_SIZE` is never used
  --> src\anomaly.rs:34:7
   |
34 | const MIN_GROUP_SIZE: usize = 5;
   |       ^^^^^^^^^^^^^^

warning: constant `Z_THRESHOLD` is never used
  --> src\anomaly.rs:38:7
   |
38 | const Z_THRESHOLD: f64 = 2.5;
   |       ^^^^^^^^^^^

warning: constant `MAD_CONSISTENCY` is never used
  --> src\anomaly.rs:41:7
   |
41 | const MAD_CONSISTENCY: f64 = 0.6745;
   |       ^^^^^^^^^^^^^^^

warning: struct `EntropyAnomaly` is never constructed
  --> src\anomaly.rs:65:12
   |
65 | pub struct EntropyAnomaly {
   |            ^^^^^^^^^^^^^^

warning: struct `AnomalyReport` is never constructed
  --> src\anomaly.rs:85:12
   |
85 | pub struct AnomalyReport {
   |            ^^^^^^^^^^^^^

warning: function `median` is never used
  --> src\anomaly.rs:93:4
   |
93 | fn median(sorted: &[f64]) -> f64 {
   |    ^^^^^^

warning: function `directory_of` is never used
   --> src\anomaly.rs:106:4
    |
106 | fn directory_of(source: &str) -> String {
    |    ^^^^^^^^^^^^

warning: function `scan_anomalies` is never used
   --> src\anomaly.rs:119:8
    |
119 | pub fn scan_anomalies(fragments: &[&ContextFragment]) -> AnomalyReport {
    |        ^^^^^^^^^^^^^^

warning: function `basename` is never used
   --> src\anomaly.rs:264:4
    |
264 | fn basename(path: &str) -> &str {
    |    ^^^^^^^^

warning: function `trigram_hashes` is never used
  --> src\channel.rs:41:4
   |
41 | fn trigram_hashes(text: &str) -> Vec<u64> {
   |    ^^^^^^^^^^^^^^

warning: function `build_trigram_set` is never used
  --> src\channel.rs:59:4
   |
59 | fn build_trigram_set(frags: &[ContextFragment], indices: &[usize]) -> HashSet<u64> {
   |    ^^^^^^^^^^^^^^^^^

warning: function `marginal_gain` is never used
  --> src\channel.rs:76:4
   |
76 | fn marginal_gain(
   |    ^^^^^^^^^^^^^

warning: function `channel_trailing_pass` is never used
   --> src\channel.rs:100:8
    |
100 | pub fn channel_trailing_pass(
    |        ^^^^^^^^^^^^^^^^^^^^^

warning: function `semantic_interleave` is never used
   --> src\channel.rs:203:8
    |
203 | pub fn semantic_interleave(
    |        ^^^^^^^^^^^^^^^^^^^

warning: function `modulated_reward` is never used
   --> src\channel.rs:359:8
    |
359 | pub fn modulated_reward(success: bool, sufficiency: f64) -> f64 {
    |        ^^^^^^^^^^^^^^^^

warning: struct `ContradictionReport` is never constructed
   --> src\channel.rs:394:12
    |
394 | pub struct ContradictionReport {
    |            ^^^^^^^^^^^^^^^^^^^

warning: function `contradiction_guard` is never used
   --> src\channel.rs:412:8
    |
412 | pub fn contradiction_guard(
    |        ^^^^^^^^^^^^^^^^^^^

warning: function `bookend_calibrate` is never used
   --> src\channel.rs:541:8
    |
541 | pub fn bookend_calibrate(
    |        ^^^^^^^^^^^^^^^^^

warning: enum `BlockKind` is never used
  --> src\conversation_pruner.rs:96:10
   |
96 | pub enum BlockKind {
   |          ^^^^^^^^^

warning: methods `protection_weight` and `label` are never used
   --> src\conversation_pruner.rs:109:12
    |
105 | impl BlockKind {
    | -------------- methods in this implementation
...
109 |     pub fn protection_weight(&self) -> f64 {
    |            ^^^^^^^^^^^^^^^^^
...
120 |     pub fn label(&self) -> &'static str {
    |            ^^^^^

warning: enum `Resolution` is never used
   --> src\conversation_pruner.rs:134:10
    |
134 | pub enum Resolution {
    |          ^^^^^^^^^^

warning: associated items `token_fraction`, `info_retained`, `info_loss`, `as_str`, and 
`all` are never used
   --> src\conversation_pruner.rs:147:12
    |
145 | impl Resolution {
    | --------------- associated items in this implementation
146 |     /// Token cost as fraction of original (lower = more savings).
147 |     pub fn token_fraction(&self) -> f64 {
    |            ^^^^^^^^^^^^^^
...
157 |     pub fn info_retained(&self) -> f64 {
    |            ^^^^^^^^^^^^^
...
167 |     pub fn info_loss(&self) -> f64 {
    |            ^^^^^^^^^
...
171 |     pub fn as_str(&self) -> &'static str {
    |            ^^^^^^
...
181 |     pub fn all() -> &'static [Resolution] {
    |            ^^^

warning: struct `ConvBlock` is never constructed
   --> src\conversation_pruner.rs:188:12
    |
188 | pub struct ConvBlock {
    |            ^^^^^^^^^

warning: struct `PruneResult` is never constructed
   --> src\conversation_pruner.rs:212:12
    |
212 | pub struct PruneResult {
    |            ^^^^^^^^^^^

warning: function `classify_block` is never used
   --> src\conversation_pruner.rs:232:8
    |
232 | pub fn classify_block(role: &str, content: &str, tool_name: Option<&str>) -> 
BlockKind {
    |        ^^^^^^^^^^^^^^

warning: function `infer_dependencies` is never used
   --> src\conversation_pruner.rs:264:4
    |
264 | fn infer_dependencies(blocks: &[ConvBlock]) -> Vec<Vec<usize>> {
    |    ^^^^^^^^^^^^^^^^^^

warning: function `build_forward_refs` is never used
   --> src\conversation_pruner.rs:323:4
    |
323 | fn build_forward_refs(deps: &[Vec<usize>]) -> HashMap<usize, usize> {
    |    ^^^^^^^^^^^^^^^^^^

warning: function `score_block` is never used
   --> src\conversation_pruner.rs:344:4
    |
344 | fn score_block(
    |    ^^^^^^^^^^^

warning: function `compute_all_forward_overlaps` is never used
   --> src\conversation_pruner.rs:399:4
    |
399 | fn compute_all_forward_overlaps(blocks: &[ConvBlock]) -> Vec<f64> {
    |    ^^^^^^^^^^^^^^^^^^^^^^^^^^^^

warning: function `kkt_multichoice_bisect` is never used
   --> src\conversation_pruner.rs:467:4
    |
467 | fn kkt_multichoice_bisect(
    |    ^^^^^^^^^^^^^^^^^^^^^^

warning: function `enforce_dag_coherence` is never used
   --> src\conversation_pruner.rs:576:4
    |
576 | fn enforce_dag_coherence(
    |    ^^^^^^^^^^^^^^^^^^^^^

warning: function `protect_recent` is never used
   --> src\conversation_pruner.rs:601:4
    |
601 | fn protect_recent(
    |    ^^^^^^^^^^^^^^

warning: function `compress_block` is never used
   --> src\conversation_pruner.rs:622:8
    |
622 | pub fn compress_block(block: &ConvBlock, resolution: Resolution) -> String {
    |        ^^^^^^^^^^^^^^

warning: function `prune_conversation` is never used
   --> src\conversation_pruner.rs:719:8
    |
719 | pub fn prune_conversation(
    |        ^^^^^^^^^^^^^^^^^^

warning: function `progressive_thresholds` is never used
   --> src\conversation_pruner.rs:809:8
    |
809 | pub fn progressive_thresholds(
    |        ^^^^^^^^^^^^^^^^^^^^^^

warning: constant `QUERY_DIM` is never used
  --> src\query_persona.rs:51:7
   |
51 | const QUERY_DIM: usize = 16;
   |       ^^^^^^^^^

warning: constant `MAX_PARTICLES` is never used
  --> src\query_persona.rs:54:7
   |
54 | const MAX_PARTICLES: usize = 100;
   |       ^^^^^^^^^^^^^

warning: constant `MAX_ARCHETYPES` is never used
  --> src\query_persona.rs:57:7
   |
57 | const MAX_ARCHETYPES: usize = 8;
   |       ^^^^^^^^^^^^^^

warning: constant `DEFAULT_FUSION_THRESHOLD` is never used
  --> src\query_persona.rs:60:7
   |
60 | const DEFAULT_FUSION_THRESHOLD: f32 = 0.02;
   |       ^^^^^^^^^^^^^^^^^^^^^^^^

warning: constant `DECAY_LAMBDA` is never used
  --> src\query_persona.rs:63:7
   |
63 | const DECAY_LAMBDA: f32 = 0.005;
   |       ^^^^^^^^^^^^

warning: constant `DEATH_THRESHOLD` is never used
  --> src\query_persona.rs:66:7
   |
66 | const DEATH_THRESHOLD: f32 = 0.05;
   |       ^^^^^^^^^^^^^^^

warning: struct `RbfKernel` is never constructed
  --> src\query_persona.rs:73:12
   |
73 | pub struct RbfKernel {
   |            ^^^^^^^^^

warning: associated items `new`, `silverman`, and `eval` are never used
   --> src\query_persona.rs:79:12
    |
 78 | impl RbfKernel {
    | -------------- associated items in this implementation
 79 |     pub fn new(sigma: f32) -> Self {
    |            ^^^
...
 86 |     pub fn silverman(particles: &[Vec<f32>]) -> Self {
    |            ^^^^^^^^^
...
120 |     pub fn eval(&self, x: &[f32], y: &[f32]) -> f32 {
    |            ^^^^

warning: struct `ParticleCloud` is never constructed
   --> src\query_persona.rs:133:12
    |
133 | pub struct ParticleCloud {
    |            ^^^^^^^^^^^^^

warning: associated items `new`, `add_particle`, `affinity`, `mmd_squared`, 
`effective_support`, and `merge` are never used
   --> src\query_persona.rs:142:12
    |
141 | impl ParticleCloud {
    | ------------------ associated items in this implementation
142 |     pub fn new(dim: usize, max_particles: usize) -> Self {
    |            ^^^
...
154 |     pub fn add_particle(&mut self, x: &[f32]) {
    |            ^^^^^^^^^^^^
...
191 |     pub fn affinity(&self, t: &[f32], kernel: &RbfKernel) -> f32 {
    |            ^^^^^^^^
...
199 |     pub fn mmd_squared(&self, other: &ParticleCloud, kernel: &RbfKernel) -> f32 {
    |            ^^^^^^^^^^^
...
229 |     pub fn effective_support(&self, kernel: &RbfKernel) -> f32 {
    |            ^^^^^^^^^^^^^^^^^
...
242 |     pub fn merge(&mut self, other: &ParticleCloud) {
    |            ^^^^^

warning: struct `QueryArchetype` is never constructed
   --> src\query_persona.rs:256:12
    |
256 | pub struct QueryArchetype {
    |            ^^^^^^^^^^^^^^

warning: associated items `new`, `affinity`, `record_result`, and `update_kernel` are never 
used
   --> src\query_persona.rs:281:12
    |
280 | impl QueryArchetype {
    | ------------------- associated items in this implementation
281 |     pub fn new(id: String, default_weights: [f64; 4], tick: u64) -> Self {
    |            ^^^
...
298 |     pub fn affinity(&self, query_features: &[f32]) -> f32 {
    |            ^^^^^^^^
...
303 |     pub fn record_result(&mut self, gradient: &[f64; 4], success: bool) {
    |            ^^^^^^^^^^^^^
...
327 |     pub fn update_kernel(&mut self) {
    |            ^^^^^^^^^^^^^

warning: struct `PitmanYorProcess` is never constructed
   --> src\query_persona.rs:339:12
    |
339 | pub struct PitmanYorProcess {
    |            ^^^^^^^^^^^^^^^^

warning: associated items `new`, `new_archetype_prob`, `existing_weight`, and 
`update_weights` are never used
   --> src\query_persona.rs:346:12
    |
345 | impl PitmanYorProcess {
    | --------------------- associated items in this implementation
346 |     pub fn new(alpha: f32, discount: f32) -> Self {
    |            ^^^
...
351 |     pub fn new_archetype_prob(&self, n_existing: usize) -> f32 {
    |            ^^^^^^^^^^^^^^^^^^
...
358 |     pub fn existing_weight(&self, n_k: u64) -> f32 {
    |            ^^^^^^^^^^^^^^^
...
363 |     pub fn update_weights(&self, archetypes: &mut [QueryArchetype]) {
    |            ^^^^^^^^^^^^^^

warning: function `build_query_features` is never used
   --> src\query_persona.rs:384:8
    |
384 | pub fn build_query_features(
    |        ^^^^^^^^^^^^^^^^^^^^

warning: struct `QueryPersonaManifold` is never constructed
   --> src\query_persona.rs:414:12
    |
414 | pub struct QueryPersonaManifold {
    |            ^^^^^^^^^^^^^^^^^^^^

warning: multiple associated items are never used
   --> src\query_persona.rs:430:12
    |
429 | impl QueryPersonaManifold {
    | ------------------------- associated items in this implementation
430 |     pub fn new(
    |            ^^^
...
449 |     pub fn population(&self) -> usize { self.archetypes.len() }
    |            ^^^^^^^^^^
...
458 |     pub fn assign(&mut self, query_features: &[f32]) -> (String, [f64; 4], bool) {
    |            ^^^^^^
...
509 |     pub fn record_result(
    |            ^^^^^^^^^^^^^
...
522 |     pub fn get_weights(&self, archetype_id: &str) -> [f64; 4] {
    |            ^^^^^^^^^^^
...
530 |     pub fn lifecycle_tick(&mut self) {
    |            ^^^^^^^^^^^^^^
...
549 |     pub fn stats(&self) -> ManifoldStats {
    |            ^^^^^
...
579 |     fn birth_archetype(&mut self, query_features: &[f32]) -> String {
    |        ^^^^^^^^^^^^^^^
...
594 |     fn check_fusion(&mut self) {
    |        ^^^^^^^^^^^^

warning: struct `ManifoldStats` is never constructed
   --> src\query_persona.rs:649:12
    |
649 | pub struct ManifoldStats {
    |            ^^^^^^^^^^^^^

warning: struct `ArchetypeInfo` is never constructed
   --> src\query_persona.rs:660:12
    |
660 | pub struct ArchetypeInfo {
    |            ^^^^^^^^^^^^^

warning: constant `DEFAULT_THRESHOLD` is never used
  --> src\semantic_dedup.rs:36:7
   |
36 | const DEFAULT_THRESHOLD: f64 = 0.3;
   |       ^^^^^^^^^^^^^^^^^

warning: function `content_overlap` is never used
  --> src\semantic_dedup.rs:43:4
   |
43 | fn content_overlap(a: &str, b: &str) -> f64 {
   |    ^^^^^^^^^^^^^^^

warning: function `trigram_jaccard` is never used
  --> src\semantic_dedup.rs:50:4
   |
50 | fn trigram_jaccard(a: &str, b: &str) -> f64 {
   |    ^^^^^^^^^^^^^^^

warning: function `identifier_jaccard` is never used
  --> src\semantic_dedup.rs:72:4
   |
72 | fn identifier_jaccard(a: &str, b: &str) -> f64 {
   |    ^^^^^^^^^^^^^^^^^^

warning: function `semantic_deduplicate` is never used
  --> src\semantic_dedup.rs:99:8
   |
99 | pub fn semantic_deduplicate(
   |        ^^^^^^^^^^^^^^^^^^^^

warning: struct `DeduplicationResult` is never constructed
   --> src\semantic_dedup.rs:133:12
    |
133 | pub struct DeduplicationResult {
    |            ^^^^^^^^^^^^^^^^^^^

warning: function `semantic_deduplicate_with_stats` is never used
   --> src\semantic_dedup.rs:142:8
    |
142 | pub fn semantic_deduplicate_with_stats(
    |        ^^^^^^^^^^^^^^^^^^^^^^^^^^^^^^^

warning: struct `PairKey` is never constructed
  --> src\resonance.rs:61:8
   |
61 | struct PairKey(String, String);
   |        ^^^^^^^

warning: associated items `new`, `to_key_string`, and `from_key_string` are never used
  --> src\resonance.rs:64:8
   |
63 | impl PairKey {
   | ------------ associated items in this implementation
64 |     fn new(a: &str, b: &str) -> Self {
   |        ^^^
...
73 |     fn to_key_string(&self) -> String {
   |        ^^^^^^^^^^^^^
...
78 |     fn from_key_string(s: &str) -> Option<Self> {
   |        ^^^^^^^^^^^^^^^

warning: struct `ResonanceEntry` is never constructed
   --> src\resonance.rs:124:8
    |
124 | struct ResonanceEntry {
    |        ^^^^^^^^^^^^^^

warning: struct `ResonanceMatrix` is never constructed
   --> src\resonance.rs:136:12
    |
136 | pub struct ResonanceMatrix {
    |            ^^^^^^^^^^^^^^^

warning: multiple associated items are never used
   --> src\resonance.rs:154:12
    |
153 | impl ResonanceMatrix {
    | -------------------- associated items in this implementation
154 |     pub fn new() -> Self {
    |            ^^^
...
167 |     pub fn record_outcome(&mut self, fragment_ids: &[String], reward: f64, 
current_turn: u32) {
    |            ^^^^^^^^^^^^^^
...
211 |     pub fn resonance_bonus(&self, candidate_id: &str, selected_ids: &[&str]) -> f64 {
    |            ^^^^^^^^^^^^^^^
...
236 |     pub fn batch_resonance_bonuses(
    |            ^^^^^^^^^^^^^^^^^^^^^^^
...
248 |     pub fn decay_tick(&mut self) {
    |            ^^^^^^^^^^
...
256 |     pub fn len(&self) -> usize {
    |            ^^^
...
261 |     pub fn is_empty(&self) -> bool {
    |            ^^^^^^^^
...
267 |     pub fn top_pairs(&self, top_k: usize) -> Vec<(String, String, f64, u32)> {
    |            ^^^^^^^^^
...
279 |     pub fn mean_strength(&self) -> f64 {
    |            ^^^^^^^^^^^^^

warning: struct `ConsolidationResult` is never constructed
   --> src\resonance.rs:293:12
    |
293 | pub struct ConsolidationResult {
    |            ^^^^^^^^^^^^^^^^^^^

warning: function `find_consolidation_groups` is never used
   --> src\resonance.rs:327:8
    |
327 | pub fn find_consolidation_groups(
    |        ^^^^^^^^^^^^^^^^^^^^^^^^^

warning: struct `CoverageEstimate` is never constructed
   --> src\resonance.rs:392:12
    |
392 | pub struct CoverageEstimate {
    |            ^^^^^^^^^^^^^^^^

warning: function `estimate_coverage` is never used
   --> src\resonance.rs:458:8
    |
458 | pub fn estimate_coverage(
    |        ^^^^^^^^^^^^^^^^^

warning: function `serialize` is never used
  --> src\resonance.rs:91:12
   |
91 |     pub fn serialize<S>(map: &HashMap<PairKey, super::ResonanceEntry>, serializer: S) 
-> Result<S::Ok, S::Error>
   |            ^^^^^^^^^

warning: function `deserialize` is never used
   --> src\resonance.rs:100:12
    |
100 |     pub fn deserialize<'de, D>(deserializer: D) -> Result<HashMap<PairKey, 
super::ResonanceEntry>, D::Error>
    |            ^^^^^^^^^^^

warning: constant `MAX_TRACES` is never used
  --> src\causal.rs:76:7
   |
76 | const MAX_TRACES: usize = 200;
   |       ^^^^^^^^^^

warning: constant `MAX_TEMPORAL_LINKS` is never used
  --> src\causal.rs:79:7
   |
79 | const MAX_TEMPORAL_LINKS: usize = 5000;
   |       ^^^^^^^^^^^^^^^^^^

warning: constant `MIN_INTERVENTION_TRIALS` is never used
  --> src\causal.rs:82:7
   |
82 | const MIN_INTERVENTION_TRIALS: u32 = 3;
   |       ^^^^^^^^^^^^^^^^^^^^^^^

warning: constant `STALE_TURN_THRESHOLD` is never used
  --> src\causal.rs:85:7
   |
85 | const STALE_TURN_THRESHOLD: u32 = 50;
   |       ^^^^^^^^^^^^^^^^^^^^

warning: constant `GRAVITY_ALPHA` is never used
  --> src\causal.rs:89:7
   |
89 | const GRAVITY_ALPHA: f64 = 2.0;
   |       ^^^^^^^^^^^^^

warning: constant `BASE_RATE_EMA` is never used
  --> src\causal.rs:92:7
   |
92 | const BASE_RATE_EMA: f64 = 0.95;
   |       ^^^^^^^^^^^^^

warning: struct `CausalTrace` is never constructed
  --> src\causal.rs:98:8
   |
98 | struct CausalTrace {
   |        ^^^^^^^^^^^

warning: struct `InterventionEstimate` is never constructed
   --> src\causal.rs:112:8
    |
112 | struct InterventionEstimate {
    |        ^^^^^^^^^^^^^^^^^^^^

warning: struct `TemporalLinkEntry` is never constructed
   --> src\causal.rs:140:8
    |
140 | struct TemporalLinkEntry {
    |        ^^^^^^^^^^^^^^^^^

warning: struct `CausalStats` is never constructed
   --> src\causal.rs:154:12
    |
154 | pub struct CausalStats {
    |            ^^^^^^^^^^^

warning: struct `CausalContextGraph` is never constructed
   --> src\causal.rs:175:12
    |
175 | pub struct CausalContextGraph {
    |            ^^^^^^^^^^^^^^^^^^

warning: multiple associated items are never used
   --> src\causal.rs:201:12
    |
200 | impl CausalContextGraph {
    | ----------------------- associated items in this implementation
201 |     pub fn new() -> Self {
    |            ^^^
...
223 |     pub fn record_trace(
    |            ^^^^^^^^^^^^
...
342 |     pub fn gravity_bonuses(&self, candidate_ids: &[&str]) -> HashMap<String, f64> {
    |            ^^^^^^^^^^^^^^^
...
364 |     pub fn temporal_bonuses(
    |            ^^^^^^^^^^^^^^^^
...
402 |     pub fn decay_tick(&mut self, current_turn: u32) {
    |            ^^^^^^^^^^
...
430 |     pub fn is_empty(&self) -> bool {
    |            ^^^^^^^^
...
435 |     pub fn tracked_fragments(&self) -> usize {
    |            ^^^^^^^^^^^^^^^^^
...
440 |     pub fn interventional_fragments(&self) -> usize {
    |            ^^^^^^^^^^^^^^^^^^^^^^^^
...
447 |     pub fn temporal_link_count(&self) -> usize {
    |            ^^^^^^^^^^^^^^^^^^^
...
452 |     pub fn gravity_source_count(&self) -> usize {
    |            ^^^^^^^^^^^^^^^^^^^^
...
457 |     pub fn mean_causal_mass(&self) -> f64 {
    |            ^^^^^^^^^^^^^^^^
...
467 |     pub fn top_causal_fragments(&self, n: usize) -> Vec<(String, f64, f64, f64)> {
    |            ^^^^^^^^^^^^^^^^^^^^
...
486 |     pub fn top_temporal_chains(&self, n: usize) -> Vec<(String, String, f64, f64)> {
    |            ^^^^^^^^^^^^^^^^^^^
...
504 |     pub fn stats(&self) -> CausalStats {
    |            ^^^^^
...
529 |     fn recompute_causal_effects(&mut self) {
    |        ^^^^^^^^^^^^^^^^^^^^^^^^
...
574 |     fn recompute_temporal_effects(&mut self) {
    |        ^^^^^^^^^^^^^^^^^^^^^^^^^^
...
625 |     fn recompute_gravity_field(&mut self) {
    |        ^^^^^^^^^^^^^^^^^^^^^^^
...
637 |     fn evict_temporal_links(&mut self, current_turn: u32) {
    |        ^^^^^^^^^^^^^^^^^^^^

warning: struct `FragmentUtilization` is never constructed
  --> src\utilization.rs:28:12
   |
28 | pub struct FragmentUtilization {
   |            ^^^^^^^^^^^^^^^^^^^

warning: struct `UtilizationReport` is never constructed
  --> src\utilization.rs:43:12
   |
43 | pub struct UtilizationReport {
   |            ^^^^^^^^^^^^^^^^^

warning: function `trigrams` is never used
  --> src\utilization.rs:55:4
   |
55 | fn trigrams(text: &str) -> HashSet<Vec<String>> {
   |    ^^^^^^^^

warning: function `identifier_set` is never used
  --> src\utilization.rs:73:4
   |
73 | fn identifier_set(text: &str) -> HashSet<String> {
   |    ^^^^^^^^^^^^^^

warning: function `score_utilization` is never used
  --> src\utilization.rs:82:8
   |
82 | pub fn score_utilization(
   |        ^^^^^^^^^^^^^^^^^

warning: `entroly-wasm` (lib) generated 243 warnings (run `cargo fix --lib -p entroly-wasm` 
to apply 2 suggestions)
    Finished `dev` profile [unoptimized + debuginfo] target(s) in 0.15s
